// Jest Snapshot v1, https://goo.gl/fbAQLP

exports[`Pruebas en <GifItem /> Debe de jacer match con el snapshot 1`] = `
<div>
  <div
    class="card"
  >
    <img
      alt="Saitama"
      src="https://saitama.com"
    />
    <p>
      Saitama
    </p>
  </div>
</div>
`;

exports[`Pruebas en <GifItem /> debe de jacer match con el snapshot 1`] = `
<div>
  <div
    class="card"
  >
    <img
      alt="Saitama"
      src="https://saitama.com"
    />
    <p>
      Saitama
    </p>
  </div>
</div>
`;
